* This is the StructMobWeight report file that is output every time the server starts.
* 
* Spawn Balance Utility (SBU) will use this file ONLY if it is renamed to StructMobWeight.csv.
* Lines starting with '*' are comments and ignored
* It allows you to add and remove mobs and adjust their spawnweights for Structures
* like shipwrecks, nether fortresses, water monuments, etc.
* 
1, graveyard:altar, HEADING, header:ignore, 0, 0, 0
2, minecraft:ancient_city, HEADING, header:ignore, 0, 0, 0
3, minecraft:bastion_remnant, HEADING, header:ignore, 0, 0, 0
4, buriedwrecks:buried_shipwreck, HEADING, header:ignore, 0, 0, 0
5, minecraft:buried_treasure, HEADING, header:ignore, 0, 0, 0
6, clifftree:camel, HEADING, header:ignore, 0, 0, 0
7, graveyard:crypt, HEADING, header:ignore, 0, 0, 0
8, graveyard:crypt, MONSTER, graveyard:acolyte, 25, 1, 1
9, graveyard:crypt, MONSTER, graveyard:nameless_hanged, 25, 1, 1
10, graveyard:crypt, MONSTER, graveyard:corrupted_vindicator, 35, 1, 3
11, graveyard:crypt, MONSTER, graveyard:corrupted_pillager, 35, 1, 3
12, graveyard:dead_tree, HEADING, header:ignore, 0, 0, 0
13, minecraft:desert_pyramid, HEADING, header:ignore, 0, 0, 0
14, revampedvillages:desert_village, HEADING, header:ignore, 0, 0, 0
15, minecraft:end_city, HEADING, header:ignore, 0, 0, 0
16, tide:fishing_boat, HEADING, header:ignore, 0, 0, 0
17, tide:fishing_hut, HEADING, header:ignore, 0, 0, 0
18, midnight:forgotten_library, HEADING, header:ignore, 0, 0, 0
19, minecraft:fortress, HEADING, header:ignore, 0, 0, 0
20, minecraft:fortress, MONSTER, minecraft:blaze, 10, 2, 3
21, minecraft:fortress, MONSTER, minecraft:zombified_piglin, 10, 4, 4
22, minecraft:fortress, MONSTER, minecraft:wither_skeleton, 10, 5, 5
23, minecraft:fortress, MONSTER, minecraft:skeleton, 10, 5, 5
24, minecraft:fortress, MONSTER, minecraft:magma_cube, 10, 4, 4
25, taxtg:giant_cherryblossom_tree, HEADING, header:ignore, 0, 0, 0
26, taxtg:giant_jungle_tree, HEADING, header:ignore, 0, 0, 0
27, graveyard:giant_mushroom, HEADING, header:ignore, 0, 0, 0
28, taxtg:giant_oak_tree, HEADING, header:ignore, 0, 0, 0
29, taxtg:giant_spruce_tree, HEADING, header:ignore, 0, 0, 0
30, graveyard:haunted_house, HEADING, header:ignore, 0, 0, 0
31, graveyard:haunted_house, MONSTER, graveyard:nameless_hanged, 25, 1, 1
32, aquamirae:ice_maze/arch, HEADING, header:ignore, 0, 0, 0
33, aquamirae:ice_maze/arch, MONSTER, aquamirae:maw, 50, 1, 2
34, aquamirae:ice_maze/arch, AMBIENT, aquamirae:golden_moth, 10, 1, 2
35, aquamirae:ice_maze/common, HEADING, header:ignore, 0, 0, 0
36, aquamirae:ice_maze/common, MONSTER, aquamirae:maw, 50, 1, 2
37, aquamirae:ice_maze/spiral, HEADING, header:ignore, 0, 0, 0
38, aquamirae:ice_maze/spiral, MONSTER, aquamirae:maw, 50, 2, 6
39, minecraft:igloo, HEADING, header:ignore, 0, 0, 0
40, minecraft:igloo_dirt, HEADING, header:ignore, 0, 0, 0
41, minecraft:jungle_pyramid, HEADING, header:ignore, 0, 0, 0
42, graveyard:large_graveyard, HEADING, header:ignore, 0, 0, 0
43, graveyard:large_graveyard, MONSTER, graveyard:skeleton_creeper, 35, 1, 1
44, graveyard:large_graveyard, MONSTER, graveyard:revenant, 45, 1, 3
45, graveyard:large_graveyard, MONSTER, graveyard:ghoul, 50, 2, 4
46, watching:leafless_grove, HEADING, header:ignore, 0, 0, 0
47, graveyard:lich_prison, HEADING, header:ignore, 0, 0, 0
48, watching:logless_tree/acacia, HEADING, header:ignore, 0, 0, 0
49, watching:logless_tree/birch, HEADING, header:ignore, 0, 0, 0
50, watching:logless_tree/oak, HEADING, header:ignore, 0, 0, 0
51, watching:logless_tree/spruce, HEADING, header:ignore, 0, 0, 0
52, minecraft:mansion, HEADING, header:ignore, 0, 0, 0
53, graveyard:medium_graveyard, HEADING, header:ignore, 0, 0, 0
54, graveyard:medium_graveyard, MONSTER, graveyard:skeleton_creeper, 35, 1, 1
55, graveyard:medium_graveyard, MONSTER, graveyard:revenant, 45, 1, 3
56, graveyard:medium_graveyard, MONSTER, graveyard:ghoul, 50, 2, 4
57, graveyard:memorial_tree, HEADING, header:ignore, 0, 0, 0
58, minecraft:mineshaft, HEADING, header:ignore, 0, 0, 0
59, minecraft:mineshaft, WATER_AMBIENT, fishofthieves:ancientscale, 12, 4, 8
60, minecraft:mineshaft, WATER_AMBIENT, fishofthieves:plentifin, 12, 4, 8
61, bettermineshafts:mineshaft_acacia, HEADING, header:ignore, 0, 0, 0
62, bettermineshafts:mineshaft_acacia, WATER_AMBIENT, fishofthieves:ancientscale, 12, 4, 8
63, bettermineshafts:mineshaft_acacia, WATER_AMBIENT, fishofthieves:plentifin, 12, 4, 8
64, bettermineshafts:mineshaft_desert, HEADING, header:ignore, 0, 0, 0
65, bettermineshafts:mineshaft_desert, WATER_AMBIENT, fishofthieves:ancientscale, 12, 4, 8
66, bettermineshafts:mineshaft_desert, WATER_AMBIENT, fishofthieves:plentifin, 12, 4, 8
67, bettermineshafts:mineshaft_dripstone, HEADING, header:ignore, 0, 0, 0
68, bettermineshafts:mineshaft_dripstone, WATER_AMBIENT, fishofthieves:ancientscale, 12, 4, 8
69, bettermineshafts:mineshaft_dripstone, WATER_AMBIENT, fishofthieves:plentifin, 12, 4, 8
70, bettermineshafts:mineshaft_ice, HEADING, header:ignore, 0, 0, 0
71, bettermineshafts:mineshaft_ice, WATER_AMBIENT, fishofthieves:ancientscale, 12, 4, 8
72, bettermineshafts:mineshaft_ice, WATER_AMBIENT, fishofthieves:plentifin, 12, 4, 8
73, bettermineshafts:mineshaft_jungle, HEADING, header:ignore, 0, 0, 0
74, bettermineshafts:mineshaft_jungle, WATER_AMBIENT, fishofthieves:ancientscale, 12, 4, 8
75, bettermineshafts:mineshaft_jungle, WATER_AMBIENT, fishofthieves:plentifin, 12, 4, 8
76, bettermineshafts:mineshaft_lush, HEADING, header:ignore, 0, 0, 0
77, bettermineshafts:mineshaft_lush, WATER_AMBIENT, fishofthieves:ancientscale, 12, 4, 8
78, bettermineshafts:mineshaft_lush, WATER_AMBIENT, fishofthieves:plentifin, 12, 4, 8
79, bettermineshafts:mineshaft_mesa, HEADING, header:ignore, 0, 0, 0
80, bettermineshafts:mineshaft_mesa, WATER_AMBIENT, fishofthieves:ancientscale, 12, 4, 8
81, bettermineshafts:mineshaft_mesa, WATER_AMBIENT, fishofthieves:plentifin, 12, 4, 8
82, minecraft:mineshaft_mesa, HEADING, header:ignore, 0, 0, 0
83, minecraft:mineshaft_mesa, WATER_AMBIENT, fishofthieves:ancientscale, 12, 4, 8
84, minecraft:mineshaft_mesa, WATER_AMBIENT, fishofthieves:plentifin, 12, 4, 8
85, bettermineshafts:mineshaft_mushroom, HEADING, header:ignore, 0, 0, 0
86, bettermineshafts:mineshaft_mushroom, WATER_AMBIENT, fishofthieves:ancientscale, 12, 4, 8
87, bettermineshafts:mineshaft_mushroom, WATER_AMBIENT, fishofthieves:plentifin, 12, 4, 8
88, bettermineshafts:mineshaft_oak, HEADING, header:ignore, 0, 0, 0
89, bettermineshafts:mineshaft_oak, WATER_AMBIENT, fishofthieves:ancientscale, 12, 4, 8
90, bettermineshafts:mineshaft_oak, WATER_AMBIENT, fishofthieves:plentifin, 12, 4, 8
91, bettermineshafts:mineshaft_overgrown, HEADING, header:ignore, 0, 0, 0
92, bettermineshafts:mineshaft_overgrown, WATER_AMBIENT, fishofthieves:ancientscale, 12, 4, 8
93, bettermineshafts:mineshaft_overgrown, WATER_AMBIENT, fishofthieves:plentifin, 12, 4, 8
94, bettermineshafts:mineshaft_red_desert, HEADING, header:ignore, 0, 0, 0
95, bettermineshafts:mineshaft_red_desert, WATER_AMBIENT, fishofthieves:ancientscale, 12, 4, 8
96, bettermineshafts:mineshaft_red_desert, WATER_AMBIENT, fishofthieves:plentifin, 12, 4, 8
97, bettermineshafts:mineshaft_spruce, HEADING, header:ignore, 0, 0, 0
98, bettermineshafts:mineshaft_spruce, WATER_AMBIENT, fishofthieves:ancientscale, 12, 4, 8
99, bettermineshafts:mineshaft_spruce, WATER_AMBIENT, fishofthieves:plentifin, 12, 4, 8
100, bettermineshafts:mineshaft_spruce_snowy, HEADING, header:ignore, 0, 0, 0
101, bettermineshafts:mineshaft_spruce_snowy, WATER_AMBIENT, fishofthieves:ancientscale, 12, 4, 8
102, bettermineshafts:mineshaft_spruce_snowy, WATER_AMBIENT, fishofthieves:plentifin, 12, 4, 8
103, minecraft:monument, HEADING, header:ignore, 0, 0, 0
104, minecraft:monument, MONSTER, minecraft:guardian, 10, 2, 4
105, minecraft:monument, WATER_AMBIENT, fishofthieves:battlegill, 10, 2, 4
106, watching:mossy_pyramid, HEADING, header:ignore, 0, 0, 0
107, graveyard:mushroom_grave, HEADING, header:ignore, 0, 0, 0
108, minecraft:nether_fossil, HEADING, header:ignore, 0, 0, 0
109, minecraft:ocean_ruin_cold, HEADING, header:ignore, 0, 0, 0
110, minecraft:ocean_ruin_cold, WATER_AMBIENT, fishofthieves:ancientscale, 12, 4, 8
111, minecraft:ocean_ruin_warm, HEADING, header:ignore, 0, 0, 0
112, minecraft:ocean_ruin_warm, WATER_AMBIENT, fishofthieves:ancientscale, 12, 4, 8
113, watching:ocean_sand_pyramid, HEADING, header:ignore, 0, 0, 0
114, aquamirae:outpost, HEADING, header:ignore, 0, 0, 0
115, aquamirae:outpost, MONSTER, minecraft:pillager, 10, 1, 2
116, aquamirae:outpost, MONSTER, minecraft:vindicator, 10, 1, 1
117, minecraft:pillager_outpost, HEADING, header:ignore, 0, 0, 0
118, minecraft:pillager_outpost, MONSTER, minecraft:pillager, 10, 1, 1
119, minecraft:pillager_outpost, WATER_AMBIENT, fishofthieves:battlegill, 10, 2, 4
120, revampedvillages:plains_village, HEADING, header:ignore, 0, 0, 0
121, watching:redstone_torch_trail, HEADING, header:ignore, 0, 0, 0
122, minecraft:ruined_portal, HEADING, header:ignore, 0, 0, 0
123, minecraft:ruined_portal_desert, HEADING, header:ignore, 0, 0, 0
124, minecraft:ruined_portal_jungle, HEADING, header:ignore, 0, 0, 0
125, minecraft:ruined_portal_mountain, HEADING, header:ignore, 0, 0, 0
126, minecraft:ruined_portal_nether, HEADING, header:ignore, 0, 0, 0
127, minecraft:ruined_portal_ocean, HEADING, header:ignore, 0, 0, 0
128, minecraft:ruined_portal_ocean, WATER_AMBIENT, fishofthieves:wrecker, 50, 4, 8
129, minecraft:ruined_portal_swamp, HEADING, header:ignore, 0, 0, 0
130, graveyard:ruins, HEADING, header:ignore, 0, 0, 0
131, graveyard:ruins, MONSTER, graveyard:skeleton_creeper, 35, 1, 1
132, graveyard:ruins, MONSTER, graveyard:revenant, 45, 1, 3
133, graveyard:ruins, MONSTER, graveyard:ghoul, 50, 1, 2
134, watching:sand_pyramid, HEADING, header:ignore, 0, 0, 0
135, revampedvillages:savanna_village, HEADING, header:ignore, 0, 0, 0
136, fishofthieves:seapost, HEADING, header:ignore, 0, 0, 0
137, aquamirae:shelter, HEADING, header:ignore, 0, 0, 0
138, aquamirae:ship, HEADING, header:ignore, 0, 0, 0
139, aquamirae:ship, MONSTER, minecraft:pillager, 10, 1, 2
140, aquamirae:ship, MONSTER, minecraft:vindicator, 10, 1, 1
141, minecraft:shipwreck, HEADING, header:ignore, 0, 0, 0
142, minecraft:shipwreck, WATER_AMBIENT, fishofthieves:wrecker, 50, 4, 8
143, minecraft:shipwreck_beached, HEADING, header:ignore, 0, 0, 0
144, minecraft:shipwreck_stone_ocean, HEADING, header:ignore, 0, 0, 0
145, betterdungeons:skeleton_dungeon, HEADING, header:ignore, 0, 0, 0
146, betterdungeons:skeleton_dungeon, MONSTER, minecraft:skeleton, 80, 4, 12
147, graveyard:small_desert_grave, HEADING, header:ignore, 0, 0, 0
148, graveyard:small_desert_graveyard, HEADING, header:ignore, 0, 0, 0
149, graveyard:small_desert_graveyard, MONSTER, minecraft:vindicator, 10, 1, 1
150, graveyard:small_desert_graveyard, MONSTER, minecraft:pillager, 10, 1, 1
151, betterdungeons:small_dungeon, HEADING, header:ignore, 0, 0, 0
152, graveyard:small_grave, HEADING, header:ignore, 0, 0, 0
153, graveyard:small_graveyard, HEADING, header:ignore, 0, 0, 0
154, graveyard:small_graveyard, MONSTER, graveyard:skeleton_creeper, 35, 1, 1
155, graveyard:small_graveyard, MONSTER, graveyard:revenant, 45, 1, 3
156, graveyard:small_graveyard, MONSTER, graveyard:ghoul, 50, 1, 2
157, graveyard:small_mountain_grave, HEADING, header:ignore, 0, 0, 0
158, betterdungeons:small_nether_dungeon, HEADING, header:ignore, 0, 0, 0
159, graveyard:small_savanna_grave, HEADING, header:ignore, 0, 0, 0
160, revampedvillages:snowy_village, HEADING, header:ignore, 0, 0, 0
161, betterdungeons:spider_dungeon, HEADING, header:ignore, 0, 0, 0
162, betterdungeons:spider_dungeon, MONSTER, minecraft:spider, 80, 4, 12
163, betterdungeons:spider_dungeon, MONSTER, minecraft:cave_spider, 50, 4, 8
164, minecraft:stronghold, HEADING, header:ignore, 0, 0, 0
165, minecraft:stronghold, WATER_AMBIENT, fishofthieves:ancientscale, 12, 4, 8
166, minecraft:stronghold, WATER_AMBIENT, fishofthieves:plentifin, 12, 4, 8
167, minecraft:swamp_hut, HEADING, header:ignore, 0, 0, 0
168, minecraft:swamp_hut, MONSTER, minecraft:witch, 10, 1, 1
169, minecraft:swamp_hut, CREATURE, minecraft:cat, 10, 1, 1
170, revampedvillages:taiga_village, HEADING, header:ignore, 0, 0, 0
171, underground_jungle:temple, HEADING, header:ignore, 0, 0, 0
172, underground_jungle:temple, MONSTER, underground_jungle:mossy_skeleton, 10, 1, 1
173, watching:torch_cave, HEADING, header:ignore, 0, 0, 0
174, watching:torch_tunnel/1x2/torchless_tunnel, HEADING, header:ignore, 0, 0, 0
175, watching:torch_tunnel/1x2/tunnel, HEADING, header:ignore, 0, 0, 0
176, watching:torch_tunnel/2x2_tunnel, HEADING, header:ignore, 0, 0, 0
177, minecraft:trail_ruins, HEADING, header:ignore, 0, 0, 0
178, underground_villages:underground_village, HEADING, header:ignore, 0, 0, 0
179, minecraft:village_desert, HEADING, header:ignore, 0, 0, 0
180, minecraft:village_plains, HEADING, header:ignore, 0, 0, 0
181, minecraft:village_savanna, HEADING, header:ignore, 0, 0, 0
182, minecraft:village_snowy, HEADING, header:ignore, 0, 0, 0
183, minecraft:village_taiga, HEADING, header:ignore, 0, 0, 0
184, betterdungeons:zombie_dungeon, HEADING, header:ignore, 0, 0, 0
185, betterdungeons:zombie_dungeon, MONSTER, minecraft:zombie, 80, 4, 12
